; ModuleID = '0x101__M.dbg_info'
source_filename = "/move/solana/move-mv-llvm-compiler/tests/dwarf-tests/dwarf-functions.move"

!llvm.dbg.cu = !{!0}
!struct.M__EmptyStruct = !{!2}
!struct.M__U64Struct = !{!8}
!struct.M__Combined = !{!14}
!struct.M__MyStruct = !{!20}
!fun_1 = !{!31}

!0 = distinct !DICompileUnit(language: DW_LANG_Rust, file: !1, producer: "move-mv-llvm-compiler", isOptimized: false, runtimeVersion: 0, emissionKind: FullDebug, splitDebugInlining: false, sysroot: "/")
!1 = !DIFile(filename: "dwarf-functions.move", directory: "/move/solana/move-mv-llvm-compiler/tests/dwarf-tests")
!2 = !DIDerivedType(tag: DW_TAG_pointer_type, name: "struct.M__EmptyStruct__ptr", baseType: !3, size: 64, align: 64, dwarfAddressSpace: 0)
!3 = !DICompositeType(tag: DW_TAG_structure_type, name: "struct.M__EmptyStruct", scope: !4, file: !1, line: 27, size: 8, align: 8, flags: DIFlagObjcClassComplete, elements: !5)
!4 = !DINamespace(name: "struct.M__EmptyStruct", scope: !1)
!5 = !{!6}
!6 = !DIDerivedType(tag: DW_TAG_member, name: "dummy_field", scope: !4, file: !1, line: 27, baseType: !7, size: 1, align: 8)
!7 = !DIBasicType(name: "bool", size: 8)
!8 = !DIDerivedType(tag: DW_TAG_pointer_type, name: "struct.M__U64Struct__ptr", baseType: !9, size: 64, align: 64, dwarfAddressSpace: 0)
!9 = !DICompositeType(tag: DW_TAG_structure_type, name: "struct.M__U64Struct", scope: !10, file: !1, line: 29, size: 64, align: 8, flags: DIFlagObjcClassComplete, elements: !11)
!10 = !DINamespace(name: "struct.M__U64Struct", scope: !1)
!11 = !{!12}
!12 = !DIDerivedType(tag: DW_TAG_member, name: "field_u64", scope: !10, file: !1, line: 29, baseType: !13, size: 64, align: 64)
!13 = !DIBasicType(name: "u64", size: 64)
!14 = !DIDerivedType(tag: DW_TAG_pointer_type, name: "struct.M__Combined__ptr", baseType: !15, size: 64, align: 64, dwarfAddressSpace: 0)
!15 = !DICompositeType(tag: DW_TAG_structure_type, name: "struct.M__Combined", scope: !16, file: !1, line: 31, size: 128, align: 8, flags: DIFlagObjcClassComplete, elements: !17)
!16 = !DINamespace(name: "struct.M__Combined", scope: !1)
!17 = !{!18, !19}
!18 = !DIDerivedType(tag: DW_TAG_member, name: "field_combined_bool", scope: !16, file: !1, line: 31, baseType: !7, size: 1, align: 8)
!19 = !DIDerivedType(tag: DW_TAG_member, name: "field_combined_u64_struct", scope: !16, file: !1, line: 32, baseType: !9, size: 64, align: 64, offset: 8)
!20 = !DIDerivedType(tag: DW_TAG_pointer_type, name: "struct.M__MyStruct__ptr", baseType: !21, size: 64, align: 64, dwarfAddressSpace: 0)
!21 = !DICompositeType(tag: DW_TAG_structure_type, name: "struct.M__MyStruct", scope: !22, file: !1, line: 19, size: 192, align: 8, flags: DIFlagObjcClassComplete, elements: !23)
!22 = !DINamespace(name: "struct.M__MyStruct", scope: !1)
!23 = !{!24, !26, !27, !28, !30}
!24 = !DIDerivedType(tag: DW_TAG_member, name: "field1_u32", scope: !22, file: !1, line: 19, baseType: !25, size: 32, align: 32)
!25 = !DIBasicType(name: "u32", size: 32)
!26 = !DIDerivedType(tag: DW_TAG_member, name: "field2_bool", scope: !22, file: !1, line: 20, baseType: !7, size: 1, align: 8, offset: 32)
!27 = !DIDerivedType(tag: DW_TAG_member, name: "field3_empty", scope: !22, file: !1, line: 21, baseType: !3, size: 8, align: 8, offset: 40)
!28 = !DIDerivedType(tag: DW_TAG_member, name: "field4_u8", scope: !22, file: !1, line: 22, baseType: !29, size: 8, align: 8, offset: 48)
!29 = !DIBasicType(name: "u8", size: 8)
!30 = !DIDerivedType(tag: DW_TAG_member, name: "field6_combined", scope: !22, file: !1, line: 23, baseType: !15, size: 128, align: 64, offset: 56)
!31 = distinct !DISubprogram(name: "fun_1", linkageName: "fun_1", scope: !32, file: !1, line: 33, type: !33, spFlags: DISPFlagLocalToUnit | DISPFlagDefinition, unit: !0, retainedNodes: !37)
!32 = !DINamespace(name: "fun_1", scope: !1)
!33 = !DISubroutineType(types: !34)
!34 = !{!35, !36}
!35 = !DILocalVariable(name: "par_1_u8", scope: !32, file: !1, type: !29)
!36 = !DILocalVariable(name: "par_2_bool", arg: 1, scope: !32, file: !1, line: 1, type: !7)
!37 = !{}
