; ModuleID = '0x201__M.dbg_info'
source_filename = "/move/solana/move-mv-llvm-compiler/tests/dwarf-tests/dwarf-functions.move"

!llvm.dbg.cu = !{!0}
!struct.M__MyStruct_2 = !{!2}
!fun_2 = !{!33}

!0 = distinct !DICompileUnit(language: DW_LANG_Rust, file: !1, producer: "move-mv-llvm-compiler", isOptimized: false, runtimeVersion: 0, emissionKind: FullDebug, splitDebugInlining: false, sysroot: "/")
!1 = !DIFile(filename: "dwarf-functions.move", directory: "/move/solana/move-mv-llvm-compiler/tests/dwarf-tests")
!2 = !DIDerivedType(tag: DW_TAG_pointer_type, name: "struct.M__MyStruct_2__ptr", baseType: !3, size: 64, align: 64, dwarfAddressSpace: 0)
!3 = !DICompositeType(tag: DW_TAG_structure_type, name: "struct.M__MyStruct_2", scope: !4, file: !1, line: 2, size: 256, align: 8, flags: DIFlagObjcClassComplete, elements: !5)
!4 = !DINamespace(name: "struct.M__MyStruct_2", scope: !1)
!5 = !{!6, !8}
!6 = !DIDerivedType(tag: DW_TAG_member, name: "field1_u32", scope: !4, file: !1, line: 2, baseType: !7, size: 32, align: 32)
!7 = !DIBasicType(name: "u32", size: 32)
!8 = !DIDerivedType(tag: DW_TAG_member, name: "other_my_struct_from_101", scope: !4, file: !1, line: 3, baseType: !9, size: 192, align: 64, offset: 32)
!9 = !DICompositeType(tag: DW_TAG_structure_type, name: "struct.M__MyStruct", scope: !10, file: !1, line: 19, size: 192, align: 8, flags: DIFlagObjcClassComplete, elements: !11)
!10 = !DINamespace(name: "struct.M__MyStruct", scope: !1)
!11 = !{!12, !13, !15, !20, !22}
!12 = !DIDerivedType(tag: DW_TAG_member, name: "field1_u32", scope: !10, file: !1, line: 19, baseType: !7, size: 32, align: 32)
!13 = !DIDerivedType(tag: DW_TAG_member, name: "field2_bool", scope: !10, file: !1, line: 20, baseType: !14, size: 1, align: 8, offset: 32)
!14 = !DIBasicType(name: "bool", size: 8)
!15 = !DIDerivedType(tag: DW_TAG_member, name: "field3_empty", scope: !10, file: !1, line: 21, baseType: !16, size: 8, align: 8, offset: 40)
!16 = !DICompositeType(tag: DW_TAG_structure_type, name: "struct.M__EmptyStruct", scope: !17, file: !1, line: 27, size: 8, align: 8, flags: DIFlagObjcClassComplete, elements: !18)
!17 = !DINamespace(name: "struct.M__EmptyStruct", scope: !1)
!18 = !{!19}
!19 = !DIDerivedType(tag: DW_TAG_member, name: "dummy_field", scope: !17, file: !1, line: 27, baseType: !14, size: 1, align: 8)
!20 = !DIDerivedType(tag: DW_TAG_member, name: "field4_u8", scope: !10, file: !1, line: 22, baseType: !21, size: 8, align: 8, offset: 48)
!21 = !DIBasicType(name: "u8", size: 8)
!22 = !DIDerivedType(tag: DW_TAG_member, name: "field6_combined", scope: !10, file: !1, line: 23, baseType: !23, size: 128, align: 64, offset: 56)
!23 = !DICompositeType(tag: DW_TAG_structure_type, name: "struct.M__Combined", scope: !24, file: !1, line: 31, size: 128, align: 8, flags: DIFlagObjcClassComplete, elements: !25)
!24 = !DINamespace(name: "struct.M__Combined", scope: !1)
!25 = !{!26, !27}
!26 = !DIDerivedType(tag: DW_TAG_member, name: "field_combined_bool", scope: !24, file: !1, line: 31, baseType: !14, size: 1, align: 8)
!27 = !DIDerivedType(tag: DW_TAG_member, name: "field_combined_u64_struct", scope: !24, file: !1, line: 32, baseType: !28, size: 64, align: 64, offset: 8)
!28 = !DICompositeType(tag: DW_TAG_structure_type, name: "struct.M__U64Struct", scope: !29, file: !1, line: 29, size: 64, align: 8, flags: DIFlagObjcClassComplete, elements: !30)
!29 = !DINamespace(name: "struct.M__U64Struct", scope: !1)
!30 = !{!31}
!31 = !DIDerivedType(tag: DW_TAG_member, name: "field_u64", scope: !29, file: !1, line: 29, baseType: !32, size: 64, align: 64)
!32 = !DIBasicType(name: "u64", size: 64)
!33 = distinct !DISubprogram(name: "fun_2", linkageName: "fun_2", scope: !34, file: !1, line: 7, type: !35, spFlags: DISPFlagLocalToUnit | DISPFlagDefinition, unit: !0, retainedNodes: !38)
!34 = !DINamespace(name: "fun_2", scope: !1)
!35 = !DISubroutineType(types: !36)
!36 = !{!37}
!37 = !DILocalVariable(name: "par_1_u32", scope: !34, file: !1, type: !7)
!38 = !{}
