; ModuleID = '0x101__vector.dbg_info'
source_filename = "/move/solana/move-mv-llvm-compiler/tests/dwarf-tests/dwarf-vector.move"

!llvm.dbg.cu = !{!0}
!struct.vector__Foo = !{!2, !10, !10, !10}
!struct.vector__Bar = !{!13, !18, !18, !18}
!test_singleton_contains = !{!19}
!singleton = !{!23, !28}

!0 = distinct !DICompileUnit(language: DW_LANG_Rust, file: !1, producer: "move-mv-llvm-compiler", isOptimized: false, runtimeVersion: 0, emissionKind: FullDebug, splitDebugInlining: false, sysroot: "/")
!1 = !DIFile(filename: "dwarf-vector.move", directory: "/move/solana/move-mv-llvm-compiler/tests/dwarf-tests")
!2 = !DIDerivedType(tag: DW_TAG_pointer_type, name: "struct.vector__Foo__ptr", baseType: !3, size: 64, align: 64, dwarfAddressSpace: 0)
!3 = !DICompositeType(tag: DW_TAG_structure_type, name: "struct.vector__Foo", scope: !4, file: !1, line: 2, size: 128, align: 8, flags: DIFlagObjcClassComplete, elements: !5)
!4 = !DINamespace(name: "struct.vector__Foo", scope: !1)
!5 = !{!6, !8}
!6 = !DIDerivedType(tag: DW_TAG_member, name: "x", scope: !4, file: !1, line: 2, baseType: !7, size: 64, align: 64)
!7 = !DIBasicType(name: "u64", size: 64)
!8 = !DIDerivedType(tag: DW_TAG_member, name: "y", scope: !4, file: !1, line: 3, baseType: !9, size: 1, align: 8, offset: 64)
!9 = !DIBasicType(name: "bool", size: 8)
!10 = !DICompositeType(tag: DW_TAG_array_type, baseType: !3, size: 192, align: 8, flags: DIFlagVector, elements: !11)
!11 = !{!12}
!12 = !DISubrange(count: 1, lowerBound: 0)
!13 = !DIDerivedType(tag: DW_TAG_pointer_type, name: "struct.vector__Bar__ptr", baseType: !14, size: 64, align: 64, dwarfAddressSpace: 0)
!14 = !DICompositeType(tag: DW_TAG_structure_type, name: "struct.vector__Bar", scope: !15, file: !1, line: 3, size: 128, align: 8, flags: DIFlagObjcClassComplete, elements: !16)
!15 = !DINamespace(name: "struct.vector__Bar", scope: !1)
!16 = !{!17}
!17 = !DIDerivedType(tag: DW_TAG_member, name: "foo", scope: !15, file: !1, line: 3, baseType: !3, size: 128, align: 64)
!18 = !DICompositeType(tag: DW_TAG_array_type, baseType: !14, size: 192, align: 8, flags: DIFlagVector, elements: !11)
!19 = distinct !DISubprogram(name: "test_singleton_contains", linkageName: "test_singleton_contains", scope: !20, file: !1, line: 17, type: !21, spFlags: DISPFlagLocalToUnit | DISPFlagDefinition, unit: !0, retainedNodes: !22)
!20 = !DINamespace(name: "test_singleton_contains", scope: !1)
!21 = !DISubroutineType(types: !22)
!22 = !{}
!23 = distinct !DISubprogram(name: "singleton", linkageName: "singleton", scope: !24, file: !1, line: 11, type: !25, spFlags: DISPFlagLocalToUnit | DISPFlagDefinition, unit: !0, retainedNodes: !22)
!24 = !DINamespace(name: "singleton", scope: !1)
!25 = !DISubroutineType(types: !26)
!26 = !{!27}
!27 = !DILocalVariable(name: "e", scope: !24, file: !1, type: !3)
!28 = distinct !DISubprogram(name: "singleton", linkageName: "singleton", scope: !24, file: !1, line: 11, type: !29, spFlags: DISPFlagLocalToUnit | DISPFlagDefinition, unit: !0, retainedNodes: !22)
!29 = !DISubroutineType(types: !30)
!30 = !{!31}
!31 = !DILocalVariable(name: "e", scope: !24, file: !1, type: !14)
